// Jest Snapshot v1, https://goo.gl/fbAQLP

exports[`App renders a Rick 1`] = `
<div>
  <ul
    aria-label="charlist"
    class="list"
  >
    <li>
      <a
        href="/1"
      >
        <figure
          class="character"
        >
          <img
            alt="Rick Sanchez"
            class="charImage"
            src="https://rickandmortyapi.com/api/character/avatar/1.jpeg"
          />
          <figcaption>
            <h2
              class="charName"
            >
              Rick Sanchez
            </h2>
          </figcaption>
        </figure>
      </a>
    </li>
    <li>
      <a
        href="/2"
      >
        <figure
          class="character"
        >
          <img
            alt="Morty Smith"
            class="charImage"
            src="https://rickandmortyapi.com/api/character/avatar/2.jpeg"
          />
          <figcaption>
            <h2
              class="charName"
            >
              Morty Smith
            </h2>
          </figcaption>
        </figure>
      </a>
    </li>
    <li>
      <a
        href="/3"
      >
        <figure
          class="character"
        >
          <img
            alt="Summer Smith"
            class="charImage"
            src="https://rickandmortyapi.com/api/character/avatar/3.jpeg"
          />
          <figcaption>
            <h2
              class="charName"
            >
              Summer Smith
            </h2>
          </figcaption>
        </figure>
      </a>
    </li>
    <li>
      <a
        href="/4"
      >
        <figure
          class="character"
        >
          <img
            alt="Beth Smith"
            class="charImage"
            src="https://rickandmortyapi.com/api/character/avatar/4.jpeg"
          />
          <figcaption>
            <h2
              class="charName"
            >
              Beth Smith
            </h2>
          </figcaption>
        </figure>
      </a>
    </li>
    <li>
      <a
        href="/5"
      >
        <figure
          class="character"
        >
          <img
            alt="Jerry Smith"
            class="charImage"
            src="https://rickandmortyapi.com/api/character/avatar/5.jpeg"
          />
          <figcaption>
            <h2
              class="charName"
            >
              Jerry Smith
            </h2>
          </figcaption>
        </figure>
      </a>
    </li>
    <li>
      <a
        href="/6"
      >
        <figure
          class="character"
        >
          <img
            alt="Abadango Cluster Princess"
            class="charImage"
            src="https://rickandmortyapi.com/api/character/avatar/6.jpeg"
          />
          <figcaption>
            <h2
              class="charName"
            >
              Abadango Cluster Princess
            </h2>
          </figcaption>
        </figure>
      </a>
    </li>
    <li>
      <a
        href="/7"
      >
        <figure
          class="character"
        >
          <img
            alt="Abradolf Lincler"
            class="charImage"
            src="https://rickandmortyapi.com/api/character/avatar/7.jpeg"
          />
          <figcaption>
            <h2
              class="charName"
            >
              Abradolf Lincler
            </h2>
          </figcaption>
        </figure>
      </a>
    </li>
    <li>
      <a
        href="/8"
      >
        <figure
          class="character"
        >
          <img
            alt="Adjudicator Rick"
            class="charImage"
            src="https://rickandmortyapi.com/api/character/avatar/8.jpeg"
          />
          <figcaption>
            <h2
              class="charName"
            >
              Adjudicator Rick
            </h2>
          </figcaption>
        </figure>
      </a>
    </li>
    <li>
      <a
        href="/9"
      >
        <figure
          class="character"
        >
          <img
            alt="Agency Director"
            class="charImage"
            src="https://rickandmortyapi.com/api/character/avatar/9.jpeg"
          />
          <figcaption>
            <h2
              class="charName"
            >
              Agency Director
            </h2>
          </figcaption>
        </figure>
      </a>
    </li>
    <li>
      <a
        href="/10"
      >
        <figure
          class="character"
        >
          <img
            alt="Alan Rails"
            class="charImage"
            src="https://rickandmortyapi.com/api/character/avatar/10.jpeg"
          />
          <figcaption>
            <h2
              class="charName"
            >
              Alan Rails
            </h2>
          </figcaption>
        </figure>
      </a>
    </li>
    <li>
      <a
        href="/11"
      >
        <figure
          class="character"
        >
          <img
            alt="Albert Einstein"
            class="charImage"
            src="https://rickandmortyapi.com/api/character/avatar/11.jpeg"
          />
          <figcaption>
            <h2
              class="charName"
            >
              Albert Einstein
            </h2>
          </figcaption>
        </figure>
      </a>
    </li>
    <li>
      <a
        href="/12"
      >
        <figure
          class="character"
        >
          <img
            alt="Alexander"
            class="charImage"
            src="https://rickandmortyapi.com/api/character/avatar/12.jpeg"
          />
          <figcaption>
            <h2
              class="charName"
            >
              Alexander
            </h2>
          </figcaption>
        </figure>
      </a>
    </li>
    <li>
      <a
        href="/13"
      >
        <figure
          class="character"
        >
          <img
            alt="Alien Googah"
            class="charImage"
            src="https://rickandmortyapi.com/api/character/avatar/13.jpeg"
          />
          <figcaption>
            <h2
              class="charName"
            >
              Alien Googah
            </h2>
          </figcaption>
        </figure>
      </a>
    </li>
    <li>
      <a
        href="/14"
      >
        <figure
          class="character"
        >
          <img
            alt="Alien Morty"
            class="charImage"
            src="https://rickandmortyapi.com/api/character/avatar/14.jpeg"
          />
          <figcaption>
            <h2
              class="charName"
            >
              Alien Morty
            </h2>
          </figcaption>
        </figure>
      </a>
    </li>
    <li>
      <a
        href="/15"
      >
        <figure
          class="character"
        >
          <img
            alt="Alien Rick"
            class="charImage"
            src="https://rickandmortyapi.com/api/character/avatar/15.jpeg"
          />
          <figcaption>
            <h2
              class="charName"
            >
              Alien Rick
            </h2>
          </figcaption>
        </figure>
      </a>
    </li>
    <li>
      <a
        href="/16"
      >
        <figure
          class="character"
        >
          <img
            alt="Amish Cyborg"
            class="charImage"
            src="https://rickandmortyapi.com/api/character/avatar/16.jpeg"
          />
          <figcaption>
            <h2
              class="charName"
            >
              Amish Cyborg
            </h2>
          </figcaption>
        </figure>
      </a>
    </li>
    <li>
      <a
        href="/17"
      >
        <figure
          class="character"
        >
          <img
            alt="Annie"
            class="charImage"
            src="https://rickandmortyapi.com/api/character/avatar/17.jpeg"
          />
          <figcaption>
            <h2
              class="charName"
            >
              Annie
            </h2>
          </figcaption>
        </figure>
      </a>
    </li>
    <li>
      <a
        href="/18"
      >
        <figure
          class="character"
        >
          <img
            alt="Antenna Morty"
            class="charImage"
            src="https://rickandmortyapi.com/api/character/avatar/18.jpeg"
          />
          <figcaption>
            <h2
              class="charName"
            >
              Antenna Morty
            </h2>
          </figcaption>
        </figure>
      </a>
    </li>
    <li>
      <a
        href="/19"
      >
        <figure
          class="character"
        >
          <img
            alt="Antenna Rick"
            class="charImage"
            src="https://rickandmortyapi.com/api/character/avatar/19.jpeg"
          />
          <figcaption>
            <h2
              class="charName"
            >
              Antenna Rick
            </h2>
          </figcaption>
        </figure>
      </a>
    </li>
    <li>
      <a
        href="/20"
      >
        <figure
          class="character"
        >
          <img
            alt="Ants in my Eyes Johnson"
            class="charImage"
            src="https://rickandmortyapi.com/api/character/avatar/20.jpeg"
          />
          <figcaption>
            <h2
              class="charName"
            >
              Ants in my Eyes Johnson
            </h2>
          </figcaption>
        </figure>
      </a>
    </li>
  </ul>
</div>
`;
